[ingest] nhl.api_web: reachable (200) https://api-web.nhle.com/v1/scoreboard/now
[ingest] nhl.stats_rest: reachable (200) https://api.nhle.com/stats/rest/en/team
[ingest] nhl.api_v1: unreachable (None) https://api.nhl.com/api/v1/teams
[ingest] nhl.legacy_statsapi: unreachable (None) https://statsapi.web.nhl.com/api/v1/teams
[ingest] nhl.edge: reachable (200) https://api-web.nhle.com/v1/edge/skater-speed-top-10/F/max/20252026/2
[ingest] nhl.stats_rest_game: reachable (200) https://api.nhle.com/stats/rest/en/goalie/summary?isAggregate=false&isGame=true&limit=1&cayenneExp=seasonId=20252026%20and%20gameTypeId=2
[ingest] nhl.partner_odds: reachable (200) https://api-web.nhle.com/v1/partner-game/US/now
[ingest] kalshi.trade_api: reachable (200) https://api.elections.kalshi.com/trade-api/v2/markets?series_ticker=KXNHLGAME&limit=5
[ingest] kalshi.candles: reachable (200) https://api.elections.kalshi.com/trade-api/v2/series/KXNHLGAME/markets/KXNHLGAME-26SEP19VGKLA-VGK/candlesticks?start_ts=1789603200&end_ts=1789905600&period_interval=60
[ingest] kalshi.historical: reachable (200) https://api.elections.kalshi.com/trade-api/v2/historical/cutoff
[ingest] kalshi.settled_markets: reachable (200) https://api.elections.kalshi.com/trade-api/v2/markets?series_ticker=KXNHLGAME&limit=3&status=settled
[ingest] espn.nhl_api: reachable (200) https://site.api.espn.com/apis/site/v2/sports/hockey/nhl/injuries
[ingest] openmeteo.archive: reachable (200) https://api.open-meteo.com/v1/forecast?latitude=40.75&longitude=-73.99&current=temperature_2m
[ingest] moneypuck.downloads: reachable (200) https://moneypuck.com/data.htm
[ingest] teams: 62 franchise rows from api.nhle.com/stats/rest/en/team
[ingest] standings: 32 team rows as of 2025-04-17
[ingest] standings: 32 team rows as of 2026-04-17
[ingest] standings: 0 team rows as of ?
[ingest] club schedule ANA 20242025: 88 games (0 new, 88 updated)
[ingest] club schedule BOS 20242025: 89 games (0 new, 89 updated)
[ingest] game 2024010106: unknown team id [7509] - skipped
[ingest] club schedule BUF 20242025: 89 games (0 new, 88 updated)
[ingest] club schedule CGY 20242025: 90 games (0 new, 90 updated)
[ingest] club schedule CAR 20242025: 103 games (0 new, 103 updated)
[ingest] club schedule CHI 20242025: 88 games (0 new, 88 updated)
[ingest] club schedule CBJ 20242025: 90 games (0 new, 90 updated)
[ingest] club schedule COL 20242025: 95 games (0 new, 95 updated)
[ingest] club schedule DAL 20242025: 106 games (0 new, 106 updated)
[ingest] club schedule DET 20242025: 90 games (0 new, 90 updated)
[ingest] club schedule EDM 20242025: 112 games (0 new, 112 updated)
[ingest] club schedule FLA 20242025: 113 games (0 new, 113 updated)
[ingest] club schedule LAK 20242025: 94 games (0 new, 94 updated)
[ingest] club schedule MIN 20242025: 94 games (0 new, 94 updated)
[ingest] club schedule MTL 20242025: 93 games (0 new, 93 updated)
[ingest] club schedule NSH 20242025: 88 games (0 new, 88 updated)
[ingest] club schedule NJD 20242025: 94 games (0 new, 94 updated)
[ingest] club schedule OTT 20242025: 95 games (0 new, 95 updated)
[ingest] club schedule PHI 20242025: 89 games (0 new, 89 updated)
[ingest] club schedule PIT 20242025: 89 games (0 new, 89 updated)
[ingest] club schedule SEA 20242025: 88 games (0 new, 88 updated)
[ingest] club schedule SJS 20242025: 88 games (0 new, 88 updated)
[ingest] club schedule STL 20242025: 96 games (0 new, 96 updated)
[ingest] club schedule TBL 20242025: 94 games (0 new, 94 updated)
[ingest] club schedule TOR 20242025: 101 games (0 new, 101 updated)
[ingest] club schedule UTA 20242025: 89 games (0 new, 89 updated)
[ingest] club schedule VAN 20242025: 88 games (0 new, 88 updated)
[ingest] club schedule VGK 20242025: 99 games (0 new, 99 updated)
[ingest] club schedule WSH 20242025: 98 games (0 new, 98 updated)
[ingest] club schedule WPG 20242025: 101 games (0 new, 101 updated)
[ingest] club schedule NYI 20242025: 88 games (0 new, 88 updated)
[ingest] club schedule NYR 20242025: 88 games (0 new, 88 updated)
[ingest] club schedule ANA 20252026: 101 games (0 new, 101 updated)
[ingest] club schedule BOS 20252026: 94 games (0 new, 94 updated)
[ingest] club schedule BUF 20252026: 101 games (0 new, 101 updated)
[ingest] club schedule CGY 20252026: 90 games (0 new, 90 updated)
[ingest] club schedule CAR 20252026: 107 games (0 new, 107 updated)
[ingest] club schedule CHI 20252026: 88 games (0 new, 88 updated)
[ingest] club schedule CBJ 20252026: 89 games (0 new, 89 updated)
[ingest] club schedule COL 20252026: 101 games (0 new, 101 updated)
[ingest] club schedule DAL 20252026: 94 games (0 new, 94 updated)
[ingest] club schedule DET 20252026: 90 games (0 new, 90 updated)
[ingest] club schedule EDM 20252026: 96 games (0 new, 96 updated)
[ingest] club schedule FLA 20252026: 89 games (0 new, 89 updated)
[ingest] club schedule LAK 20252026: 93 games (0 new, 93 updated)
[ingest] club schedule MIN 20252026: 99 games (0 new, 99 updated)
[ingest] club schedule MTL 20252026: 107 games (0 new, 107 updated)
[ingest] club schedule NSH 20252026: 88 games (0 new, 88 updated)
[ingest] club schedule NJD 20252026: 89 games (0 new, 89 updated)
[ingest] club schedule OTT 20252026: 92 games (0 new, 92 updated)
[ingest] club schedule PHI 20252026: 99 games (0 new, 99 updated)
[ingest] club schedule PIT 20252026: 95 games (0 new, 95 updated)
[ingest] club schedule SEA 20252026: 88 games (0 new, 88 updated)
[ingest] club schedule SJS 20252026: 88 games (0 new, 88 updated)
[ingest] club schedule STL 20252026: 88 games (0 new, 88 updated)
[ingest] club schedule TBL 20252026: 96 games (0 new, 96 updated)
[ingest] club schedule TOR 20252026: 88 games (0 new, 88 updated)
[ingest] club schedule UTA 20252026: 95 games (0 new, 95 updated)
[ingest] club schedule VAN 20252026: 88 games (0 new, 88 updated)
[ingest] club schedule VGK 20252026: 111 games (0 new, 111 updated)
[ingest] club schedule WSH 20252026: 88 games (0 new, 88 updated)
[ingest] club schedule WPG 20252026: 88 games (0 new, 88 updated)
[ingest] club schedule NYI 20252026: 88 games (0 new, 88 updated)
[ingest] club schedule NYR 20252026: 88 games (0 new, 88 updated)
[ingest] club schedule ANA 20262027: 88 games (0 new, 88 updated)
[ingest] club schedule BOS 20262027: 88 games (0 new, 88 updated)
[ingest] club schedule BUF 20262027: 88 games (0 new, 88 updated)
[ingest] club schedule CGY 20262027: 88 games (0 new, 88 updated)
[ingest] club schedule CAR 20262027: 88 games (0 new, 88 updated)
[ingest] club schedule CHI 20262027: 88 games (0 new, 88 updated)
[ingest] club schedule CBJ 20262027: 88 games (0 new, 88 updated)
[ingest] club schedule COL 20262027: 88 games (0 new, 88 updated)
[ingest] club schedule DAL 20262027: 88 games (0 new, 88 updated)
[ingest] club schedule DET 20262027: 88 games (0 new, 88 updated)
[ingest] club schedule EDM 20262027: 88 games (0 new, 88 updated)
[ingest] club schedule FLA 20262027: 88 games (0 new, 88 updated)
[ingest] club schedule LAK 20262027: 88 games (0 new, 88 updated)
[ingest] club schedule MIN 20262027: 88 games (0 new, 88 updated)
[ingest] club schedule MTL 20262027: 89 games (0 new, 89 updated)
[ingest] club schedule NSH 20262027: 88 games (0 new, 88 updated)
[ingest] club schedule NJD 20262027: 88 games (0 new, 88 updated)
[ingest] club schedule OTT 20262027: 89 games (0 new, 89 updated)
[ingest] club schedule PHI 20262027: 88 games (0 new, 88 updated)
[ingest] club schedule PIT 20262027: 88 games (0 new, 88 updated)
[ingest] club schedule SEA 20262027: 88 games (0 new, 88 updated)
[ingest] club schedule SJS 20262027: 88 games (0 new, 88 updated)
[ingest] club schedule STL 20262027: 88 games (0 new, 88 updated)
[ingest] club schedule TBL 20262027: 88 games (0 new, 88 updated)
[ingest] club schedule TOR 20262027: 88 games (0 new, 88 updated)
[ingest] club schedule UTA 20262027: 88 games (0 new, 88 updated)
[ingest] club schedule VAN 20262027: 88 games (0 new, 88 updated)
[ingest] club schedule VGK 20262027: 88 games (0 new, 88 updated)
[ingest] club schedule WSH 20262027: 88 games (0 new, 88 updated)
[ingest] club schedule WPG 20262027: 88 games (0 new, 88 updated)
[ingest] club schedule NYI 20262027: 88 games (0 new, 88 updated)
[ingest] club schedule NYR 20262027: 88 games (0 new, 88 updated)
[ingest] scoreboard 2025-08-16: 45 games (0 new, 45 updated)
[ingest] scoreboard 2025-08-23: 45 games (0 new, 45 updated)
[ingest] scoreboard 2025-08-30: 45 games (0 new, 45 updated)
[ingest] scoreboard 2025-09-06: 45 games (0 new, 45 updated)
[ingest] scoreboard 2025-09-13: 45 games (0 new, 45 updated)
[ingest] scoreboard 2025-09-20: 60 games (0 new, 60 updated)
[ingest] scoreboard 2025-09-27: 73 games (0 new, 73 updated)
[ingest] scoreboard 2025-10-04: 84 games (0 new, 84 updated)
[ingest] scoreboard 2025-10-11: 88 games (0 new, 88 updated)
[ingest] scoreboard 2025-10-18: 83 games (0 new, 83 updated)
[ingest] scoreboard 2025-10-25: 86 games (0 new, 86 updated)
[ingest] scoreboard 2025-11-01: 78 games (0 new, 78 updated)
[ingest] scoreboard 2025-11-08: 83 games (0 new, 83 updated)
[ingest] scoreboard 2025-11-15: 82 games (0 new, 82 updated)
[ingest] scoreboard 2025-11-22: 91 games (0 new, 91 updated)
[ingest] scoreboard 2025-11-29: 93 games (0 new, 93 updated)
[ingest] scoreboard 2025-12-06: 87 games (0 new, 87 updated)
[ingest] scoreboard 2025-12-13: 86 games (0 new, 86 updated)
[ingest] scoreboard 2025-12-20: 93 games (0 new, 93 updated)
[ingest] scoreboard 2025-12-27: 95 games (0 new, 95 updated)
[ingest] scoreboard 2026-01-03: 89 games (0 new, 89 updated)
[ingest] scoreboard 2026-01-10: 90 games (0 new, 90 updated)
[ingest] scoreboard 2026-01-17: 84 games (0 new, 84 updated)
[ingest] scoreboard 2026-01-24: 84 games (0 new, 84 updated)
[ingest] scoreboard 2026-01-31: 70 games (0 new, 70 updated)
[ingest] scoreboard 2026-02-07: 24 games (0 new, 24 updated)
[ingest] scoreboard 2026-02-14: 8 games (0 new, 8 updated)
[ingest] scoreboard 2026-02-21: 49 games (0 new, 49 updated)
[ingest] scoreboard 2026-02-28: 91 games (0 new, 91 updated)
[ingest] scoreboard 2026-03-07: 88 games (0 new, 88 updated)
[ingest] scoreboard 2026-03-14: 85 games (0 new, 85 updated)
[ingest] scoreboard 2026-03-21: 90 games (0 new, 90 updated)
[ingest] scoreboard 2026-03-28: 87 games (0 new, 87 updated)
[ingest] scoreboard 2026-04-04: 94 games (0 new, 94 updated)
[ingest] scoreboard 2026-04-11: 87 games (0 new, 87 updated)
[ingest] scoreboard 2026-04-18: 48 games (0 new, 48 updated)
[ingest] scoreboard 2026-04-25: 30 games (0 new, 30 updated)
[ingest] scoreboard 2026-05-02: 21 games (0 new, 21 updated)
[ingest] scoreboard 2026-05-09: 17 games (0 new, 17 updated)
[ingest] scoreboard 2026-05-16: 13 games (0 new, 13 updated)
[ingest] scoreboard 2026-05-23: 11 games (0 new, 11 updated)
[ingest] scoreboard 2026-05-30: 9 games (0 new, 9 updated)
[ingest] scoreboard 2026-06-06: 39 games (0 new, 39 updated)
[ingest] scoreboard 2026-06-13: 40 games (0 new, 40 updated)
[ingest] scoreboard 2026-06-20: 50 games (0 new, 50 updated)
[ingest] scoreboard 2026-06-27: 50 games (0 new, 50 updated)
[ingest] scoreboard 2026-07-04: 50 games (0 new, 50 updated)
[ingest] scoreboard 2026-07-11: 50 games (0 new, 50 updated)
[ingest] scoreboard 2026-07-18: 50 games (0 new, 50 updated)
[ingest] scoreboard 2026-07-25: 50 games (0 new, 50 updated)
[ingest] scoreboard 2026-08-01: 50 games (0 new, 50 updated)
[ingest] scoreboard 2026-08-08: 50 games (0 new, 50 updated)
[ingest] scoreboard 2026-08-15: 50 games (0 new, 50 updated)
[ingest] scoreboard 2026-08-22: 50 games (0 new, 50 updated)
[ingest] scoreboard 2026-08-29: 50 games (0 new, 50 updated)
[ingest] scoreboard 2026-09-05: 50 games (0 new, 50 updated)
[ingest] scoreboard 2026-09-12: 50 games (0 new, 50 updated)
[ingest] scoreboard 2026-09-19: 68 games (0 new, 68 updated)
[ingest] scoreboard 2026-09-26: 76 games (0 new, 76 updated)
[ingest] scoreboard 2026-10-03: 78 games (0 new, 78 updated)
[ingest] team_game rebuilt: 8820 rows from 4410 games
[ingest] stats REST team game rows 20242025/2: 100
[ingest] stats REST team game rows 20252026/2: 100
[ingest] stats REST team game rows 20262027/2: 0
[ingest] stats REST goalie game rows 20242025/2: 100
[ingest] stats REST goalie game rows 20252026/2: 100
[ingest] stats REST goalie game rows 20262027/2: 0
[ingest] kalshi series: 81 hockey series, NHL: ['KXNHL', 'KXNHL1P', 'KXNHL1PSPREAD', 'KXNHL1PTOTAL', 'KXNHL2OT', 'KXNHL2P', 'KXNHL2PSPREAD', 'KXNHL2PTOTAL', 'KXNHL30COMEBACK', 'KXNHL3P', 'KXNHL3PSPREAD', 'KXNHL3PTOTAL', 'KXNHL4NATIONS', 'KXNHLADAMS', 'KXNHLANYGOAL', 'KXNHLAST', 'KXNHLATLANTIC', 'KXNHLCALDER', 'KXNHLCENTRAL', 'KXNHLDRAFTPICK', 'KXNHLDRAFTTOP', 'KXNHLEAST', 'KXNHLEXPANSION', 'KXNHLFINALSEXACT', 'KXNHLFIRSTGOAL', 'KXNHLGAME', 'KXNHLGOAL', 'KXNHLHART', 'KXNHLMETROPOLITAN', 'KXNHLNEXTGM', 'KXNHLNEXTTEAM', 'KXNHLNORRIS', 'KXNHLOVERTIME', 'KXNHLPACIFIC', 'KXNHLPLAYOFF', 'KXNHLPLAYOFFGOALS', 'KXNHLPRES', 'KXNHLPTS', 'KXNHLRETIRE', 'KXNHLRICHARD', 'KXNHLROSS', 'KXNHLSAVES', 'KXNHLSEASONGOALS', 'KXNHLSEASONPTS', 'KXNHLSERIES', 'KXNHLSERIESGAMES', 'KXNHLSERIESOT', 'KXNHLSERIESSCORE', 'KXNHLSERIESSPREAD', 'KXNHLSERIESTOTALGOAL', 'KXNHLSERIESTOTALGOALS', 'KXNHLSPREAD', 'KXNHLTOTAL', 'KXNHLVEZINA', 'KXNHLWEST', 'KXNHLWINS']
[ingest] kalshi: 52 contracts -> 104 quote rows
[ingest] kalshi history KXNHLGAME: cutoff=2026-07-22T00:00:00Z live=12 hist=3076 (new 3076) candles ok=1494 empty=0 err=0 pending=1592 calls=1500
[ingest] kalshi settled: 12 contracts (2 unmatched to an NHL game)
[ingest] kalshi live price points: 46 open contracts
[ingest] NHL partner odds (DraftKings): 21 rows for 7 games
[ingest] NHL EDGE team snapshots 20262027/2: 0
[ingest] espn injuries: 56 entries at 2026-09-20T22:35:55Z
{
 "teams": 62,
 "active_teams_20242025": 32,
 "active_teams_20252026": 32,
 "active_teams_20262027": 0,
 "winners_derived": 0,
 "team_game_rows": 8820,
 "team_game_stats": 200,
 "goalie_game_stats": 200,
 "kalshi_series": 81,
 "kalshi_active": 52,
 "kalshi_history": {
  "series": "KXNHLGAME",
  "calls_start": 2,
  "cutoff": "2026-07-22T00:00:00Z",
  "live_settled": 12,
  "historical_rows": 3076,
  "historical_new": 3076,
  "historical_pages": 4,
  "candles_ok": 1494,
  "candles_empty": 0,
  "candles_error": 0,
  "candles_pending": 1592,
  "calls_used": 1500
 },
 "kalshi_settled": 12,
 "kalshi_live_points": 46,
 "partner_odds": 21,
 "edge_snapshots": 0,
 "injuries": 56,
 "cross_validation_conflicts": 0
}
